================================================================================
TESTE 1: Formulação SEM referência no banco (CIP)
================================================================================

RESULTADO:
{
  "analise_critica": {
    "viabilidade": "verificacao_recusada",
    "motivo_recusa": "Não há fórmula de referência no banco de fórmulas proprietárias para \"Desincrustante Alcalino de Limpeza CIP para circulação a quente\". Conforme protocolo Modo Fechado, uma composição só pode ser tentada com consentimento explícito do usuário. Para prosseguir, forneça a autorização: usuario_autoriza_composicao_sem_referencia: true",
    "informacoes_faltantes": [
      "Fórmula de referência para Desincrustante Alcalino de Limpeza CIP para circulação a quente"
    ],
    "pontos_de_atencao": [
      "Não há fórmula de referência compatível no banco"
    ],
    "hipoteses_a_validar": [],
    "abordagem_quimica": ""
  },
  "formulacao": null,
  "processo_fabricacao": null,
  "controle_qualidade": null,
  "riscos_tecnicos": [],
  "sustentabilidade": null,
  "proximos_passos": [
    "Usuário decide se deseja prosseguir com composição sem referência de fórmula"
  ],
  "classificacao_regulatoria": "Não aplicável — aguardando verificação"
}

✅ CORRETO: Sistema recusou por falta de referência de fórmula
   Motivo: Não há fórmula de referência no banco de fórmulas proprietárias para "Desincrustante Alcalino de Limpeza CIP para circulação a quente". Conforme protocolo Modo Fechado, uma composição só pode ser tentada com consentimento explícito do usuário. Para prosseguir, forneça a autorização: usuario_autoriza_composicao_sem_referencia: true

================================================================================
TESTE 2: Com autorização explícita (usuario_autoriza_composicao_sem_referencia)
================================================================================

RESULTADO:
Nome sugerido: AlkaClean CIP Pro 850
Viabilidade: alta
Análise crítica: Formulação alcalina forte com NaOH como alcalinizante primário, EDTA como sequestrante de íons metálicos para prevenir redeposição, tensoativos não-iô...
⚠️ GERADO: Mas verificar se indica a falta de referência
